// Jest Snapshot v1, https://goo.gl/fbAQLP

exports[`<PostsItem /> renders properly 1`] = `
ShallowWrapper {
  "length": 1,
  Symbol(enzyme.__root__): [Circular],
  Symbol(enzyme.__unrendered__): <PostsItem
    item={
        Object {
            "author": "",
            "body": "",
            "category": "",
            "commentCount": 2,
            "timestamp": 1468166872634,
            "title": "",
            "voteScore": 1,
          }
    }
/>,
  Symbol(enzyme.__renderer__): Object {
    "batchedUpdates": [Function],
    "getNode": [Function],
    "render": [Function],
    "simulateEvent": [Function],
    "unmount": [Function],
  },
  Symbol(enzyme.__node__): Object {
    "instance": null,
    "key": undefined,
    "nodeType": "host",
    "props": Object {
      "children": Array [
        <div
          className="title"
/>,
        <div
          className="meta"
>
          <div>
                    
                     - 
          </div>
           
          <FormatDate
                    timestamp={1468166872634}
          />
</div>,
        <div
          className="body"
/>,
        <div
          className="nav"
>
          <div
                    className="votescore"
          >
                    1
                     Votes
          </div>
          <div
                    className="commentcount"
          >
                    2
                     Comments
          </div>
          <div
                    className="category"
          >
                    [
                    
                    ]
          </div>
</div>,
      ],
      "className": "postsitem",
    },
    "ref": null,
    "rendered": Array [
      Object {
        "instance": null,
        "key": undefined,
        "nodeType": "host",
        "props": Object {
          "children": "",
          "className": "title",
        },
        "ref": null,
        "rendered": "",
        "type": "div",
      },
      Object {
        "instance": null,
        "key": undefined,
        "nodeType": "host",
        "props": Object {
          "children": Array [
            <div>
              
               - 
</div>,
            " ",
            <FormatDate
              timestamp={1468166872634}
/>,
          ],
          "className": "meta",
        },
        "ref": null,
        "rendered": Array [
          Object {
            "instance": null,
            "key": undefined,
            "nodeType": "host",
            "props": Object {
              "children": Array [
                "",
                " - ",
              ],
            },
            "ref": null,
            "rendered": Array [
              "",
              " - ",
            ],
            "type": "div",
          },
          " ",
          Object {
            "instance": null,
            "key": undefined,
            "nodeType": "function",
            "props": Object {
              "timestamp": 1468166872634,
            },
            "ref": null,
            "rendered": null,
            "type": [Function],
          },
        ],
        "type": "div",
      },
      Object {
        "instance": null,
        "key": undefined,
        "nodeType": "host",
        "props": Object {
          "children": "",
          "className": "body",
        },
        "ref": null,
        "rendered": "",
        "type": "div",
      },
      Object {
        "instance": null,
        "key": undefined,
        "nodeType": "host",
        "props": Object {
          "children": Array [
            <div
              className="votescore"
>
              1
               Votes
</div>,
            <div
              className="commentcount"
>
              2
               Comments
</div>,
            <div
              className="category"
>
              [
              
              ]
</div>,
          ],
          "className": "nav",
        },
        "ref": null,
        "rendered": Array [
          Object {
            "instance": null,
            "key": undefined,
            "nodeType": "host",
            "props": Object {
              "children": Array [
                1,
                " Votes",
              ],
              "className": "votescore",
            },
            "ref": null,
            "rendered": Array [
              1,
              " Votes",
            ],
            "type": "div",
          },
          Object {
            "instance": null,
            "key": undefined,
            "nodeType": "host",
            "props": Object {
              "children": Array [
                2,
                " Comments",
              ],
              "className": "commentcount",
            },
            "ref": null,
            "rendered": Array [
              2,
              " Comments",
            ],
            "type": "div",
          },
          Object {
            "instance": null,
            "key": undefined,
            "nodeType": "host",
            "props": Object {
              "children": Array [
                "[",
                "",
                "]",
              ],
              "className": "category",
            },
            "ref": null,
            "rendered": Array [
              "[",
              "",
              "]",
            ],
            "type": "div",
          },
        ],
        "type": "div",
      },
    ],
    "type": "div",
  },
  Symbol(enzyme.__nodes__): Array [
    Object {
      "instance": null,
      "key": undefined,
      "nodeType": "host",
      "props": Object {
        "children": Array [
          <div
            className="title"
/>,
          <div
            className="meta"
>
            <div>
                        
                         - 
            </div>
             
            <FormatDate
                        timestamp={1468166872634}
            />
</div>,
          <div
            className="body"
/>,
          <div
            className="nav"
>
            <div
                        className="votescore"
            >
                        1
                         Votes
            </div>
            <div
                        className="commentcount"
            >
                        2
                         Comments
            </div>
            <div
                        className="category"
            >
                        [
                        
                        ]
            </div>
</div>,
        ],
        "className": "postsitem",
      },
      "ref": null,
      "rendered": Array [
        Object {
          "instance": null,
          "key": undefined,
          "nodeType": "host",
          "props": Object {
            "children": "",
            "className": "title",
          },
          "ref": null,
          "rendered": "",
          "type": "div",
        },
        Object {
          "instance": null,
          "key": undefined,
          "nodeType": "host",
          "props": Object {
            "children": Array [
              <div>
                
                 - 
</div>,
              " ",
              <FormatDate
                timestamp={1468166872634}
/>,
            ],
            "className": "meta",
          },
          "ref": null,
          "rendered": Array [
            Object {
              "instance": null,
              "key": undefined,
              "nodeType": "host",
              "props": Object {
                "children": Array [
                  "",
                  " - ",
                ],
              },
              "ref": null,
              "rendered": Array [
                "",
                " - ",
              ],
              "type": "div",
            },
            " ",
            Object {
              "instance": null,
              "key": undefined,
              "nodeType": "function",
              "props": Object {
                "timestamp": 1468166872634,
              },
              "ref": null,
              "rendered": null,
              "type": [Function],
            },
          ],
          "type": "div",
        },
        Object {
          "instance": null,
          "key": undefined,
          "nodeType": "host",
          "props": Object {
            "children": "",
            "className": "body",
          },
          "ref": null,
          "rendered": "",
          "type": "div",
        },
        Object {
          "instance": null,
          "key": undefined,
          "nodeType": "host",
          "props": Object {
            "children": Array [
              <div
                className="votescore"
>
                1
                 Votes
</div>,
              <div
                className="commentcount"
>
                2
                 Comments
</div>,
              <div
                className="category"
>
                [
                
                ]
</div>,
            ],
            "className": "nav",
          },
          "ref": null,
          "rendered": Array [
            Object {
              "instance": null,
              "key": undefined,
              "nodeType": "host",
              "props": Object {
                "children": Array [
                  1,
                  " Votes",
                ],
                "className": "votescore",
              },
              "ref": null,
              "rendered": Array [
                1,
                " Votes",
              ],
              "type": "div",
            },
            Object {
              "instance": null,
              "key": undefined,
              "nodeType": "host",
              "props": Object {
                "children": Array [
                  2,
                  " Comments",
                ],
                "className": "commentcount",
              },
              "ref": null,
              "rendered": Array [
                2,
                " Comments",
              ],
              "type": "div",
            },
            Object {
              "instance": null,
              "key": undefined,
              "nodeType": "host",
              "props": Object {
                "children": Array [
                  "[",
                  "",
                  "]",
                ],
                "className": "category",
              },
              "ref": null,
              "rendered": Array [
                "[",
                "",
                "]",
              ],
              "type": "div",
            },
          ],
          "type": "div",
        },
      ],
      "type": "div",
    },
  ],
  Symbol(enzyme.__options__): Object {
    "adapter": ReactSixteenAdapter {
      "options": Object {
        "enableComponentDidUpdateOnSetState": true,
      },
    },
  },
}
`;
